{"validationId":"VALIDATIONID","validationTimestamp":"TIMESTAMP","entityId":{"resource-instance-id":"c7611ebe-c324-48f1-8085-94aef0c12fd"},"entityType":"connector","entityLink":"business/connectors/connector/100559","resourceVersion":"1467975776","violations":[{"violationId":"7affd6606c9ade9cd4d8d0fbf2089b86516f1223fe108a26c6f8ccd27bc9dfd8","modelName":null,"category":"NO_MODEL","severity":"CRITICAL","violationType":"Model","violationDetails":{"No model ID":"invalid-model-id"},"errorMessage":"The model [invalid-model-id] could not be found"}]}