{"validationId":"VALIDATIONID","validationTimestamp":"TIMESTAMP","entityId":{"resource-instance-id":"100559"},"entityType":"connector","entityLink":"business/connectors/connector/100559","resourceVersion":"1465571381","entity":{"model-name":"NetBond WAN Connector v0.1","connector":{"resource-instance-id":"100559","resource-version":"1465571381","persona-model-id":"dc700a83-c507-47d9-b775-1fdfcdd5f9eb","persona-model-version":"0.1"},"extra-properties":{},"inventory-response-items":{"inventory-response-item":[{"virtual-data-center":{"vdc-id":"15001220","vdc-name":"SAN_DIEGO_CA01","resource-version":"1465571382"},"extra-properties":{},"inventory-response-items":{"inventory-response-item":[{"model-name":"vLAN on a Physical Wire","logical-link":{"link-name":"sn6ca391ve2-xe-10/2/3.117|sn4ca01pbg","link-type":"l2bridge","resource-version":"1465571381","persona-model-id":"32bee148-2cae-4f3d-a42e-22c9e4f078a2","persona-model-version":"1"},"extra-properties":{},"inventory-response-items":{"inventory-response-item":[{"model-name":"pBgf","pserver":{"hostname":"sn4ca01pbg","in-maint":false,"resource-version":"1470978156"},"extra-properties":{},"inventory-response-items":{}}]}},{"model-name":"VL ELAN","logical-link":{"link-name":"sn6ca391ve2-ae6.1322|dbzx0003v","link-type":"l2bridge","resource-version":"1465571381","persona-model-id":"932518e5-4260-4cc4-8038-df604a367f85","persona-model-version":"1"},"extra-properties":{},"inventory-response-items":{"inventory-response-item":[{"model-name":"vDbe","generic-vnf":{"vnf-id":"VAPP-2883","vnf-name":"dbzx0004v","vnf-type":"vSRX vDBE-V VNF","service-id":"12a96a9d-4b4c-4349-a950-fe1159602621","prov-status":"ACTIVE","in-maint":false,"is-closed-loop-disabled":false,"resource-version":"1470978155"},"extra-properties":{},"inventory-response-items":{}}]}},{"model-name":"VL ELAN","logical-link":{"link-name":"sn6ca392ve2-ae6.1322|dbzx0003v","link-type":"l2bridge","resource-version":"1465571382","persona-model-id":"932518e5-4260-4cc4-8038-df604a367f85","persona-model-version":"1"},"extra-properties":{},"inventory-response-items":{"inventory-response-item":[{"model-name":"vDbe","generic-vnf":{"vnf-id":"VAPP-2883","vnf-name":"dbzx0004v","vnf-type":"vSRX vDBE-V VNF","service-id":"12a96a9d-4b4c-4349-a950-fe1159602621","prov-status":"ACTIVE","in-maint":false,"is-closed-loop-disabled":false,"resource-version":"1470978155"},"extra-properties":{},"inventory-response-items":{}}]}},{"model-name":"VL ELAN","logical-link":{"link-name":"sn6ca392ve2-ae6.1927|asbg0003v","link-type":"l2bridge","resource-version":"1465571382","persona-model-id":"932518e5-4260-4cc4-8038-df604a367f85","persona-model-version":"1"},"extra-properties":{},"inventory-response-items":{"inventory-response-item":[{"model-name":"vDbe","generic-vnf":{"vnf-id":"VAPP-9320","vnf-name":"asbg0003v","vnf-type":"ASBGv No TLS","service-id":"c7611ebe-c324-48f1-8085-94aef0c6ef3d","prov-status":"PROV","ipv4-oam-address":"135.193.152.168","in-maint":false,"is-closed-loop-disabled":false,"resource-version":"1470978156"},"extra-properties":{},"inventory-response-items":{}}]}},{"model-name":"vLAN on a Physical Wire","logical-link":{"link-name":"sn6ca392ve2-xe-10/2/3.117|sn4ca01pbg","link-type":"l2bridge","resource-version":"1465571382","persona-model-id":"32bee148-2cae-4f3d-a42e-22c9e4f078a2","persona-model-version":"1"},"extra-properties":{},"inventory-response-items":{"inventory-response-item":[{"model-name":"pBgf","pserver":{"hostname":"sn4ca01pbg","in-maint":false,"resource-version":"1470978156"},"extra-properties":{},"inventory-response-items":{}}]}},{"model-name":"VL ELAN","logical-link":{"link-name":"sn6ca391ve2-ae6.1927|asbg0003v","link-type":"l2bridge","resource-version":"1465571381","persona-model-id":"932518e5-4260-4cc4-8038-df604a367f85","persona-model-version":"1"},"extra-properties":{},"inventory-response-items":{"inventory-response-item":[{"model-name":"vDbe","generic-vnf":{"vnf-id":"VAPP-9320","vnf-name":"asbg0003v","vnf-type":"ASBGv No TLS","service-id":"c7611ebe-c324-48f1-8085-94aef0c6ef3d","prov-status":"PROV","ipv4-oam-address":"135.193.152.168","in-maint":false,"is-closed-loop-disabled":false,"resource-version":"1470978156"},"extra-properties":{},"inventory-response-items":{}}]}}]}},{"virtual-data-center":{"vdc-id":"15001219","vdc-name":"ALPHARETTA_GA01","resource-version":"1465571380"},"extra-properties":{},"inventory-response-items":{"inventory-response-item":[{"model-name":"VL ELAN","logical-link":{"link-name":"alrga392ve2-ae6.1322|dbzx0004v","link-type":"l2bridge","resource-version":"1465571380","persona-model-id":"932518e5-4260-4cc4-8038-df604a367f85","persona-model-version":"1"},"extra-properties":{},"inventory-response-items":{"inventory-response-item":[{"model-name":"vDbe","generic-vnf":{"vnf-id":"VAPP-1883","vnf-name":"dbzx0003v","vnf-type":"vSRX vDBE-V VNF","service-id":"12a96a9d-4b4c-4349-a950-fe1159602621","prov-status":"ACTIVE","in-maint":false,"is-closed-loop-disabled":false,"resource-version":"1470978153"},"extra-properties":{},"inventory-response-items":{}}]}},{"model-name":"VL ELAN","logical-link":{"link-name":"alrga391ve2-ae6.1322|dbzx0004v","link-type":"l2bridge","resource-version":"1465571379","persona-model-id":"932518e5-4260-4cc4-8038-df604a367f85","persona-model-version":"1"},"extra-properties":{},"inventory-response-items":{"inventory-response-item":[{"model-name":"vDbe","generic-vnf":{"vnf-id":"VAPP-1883","vnf-name":"dbzx0003v","vnf-type":"vSRX vDBE-V VNF","service-id":"12a96a9d-4b4c-4349-a950-fe1159602621","prov-status":"ACTIVE","in-maint":false,"is-closed-loop-disabled":false,"resource-version":"1470978153"},"extra-properties":{},"inventory-response-items":{}}]}},{"model-name":"VL ELAN","logical-link":{"link-name":"alrga392ve2-ae6.1927|asbg0004v","link-type":"l2bridge","resource-version":"1465571380","persona-model-id":"932518e5-4260-4cc4-8038-df604a367f85","persona-model-version":"1"},"extra-properties":{},"inventory-response-items":{"inventory-response-item":[{"model-name":"vDbe","generic-vnf":{"vnf-id":"VAPP-5305","vnf-name":"asbg0004v","vnf-type":"ASBGv No TLS","service-id":"c7611ebe-c324-48f1-8085-94aef0c6ef3d","prov-status":"PROV","ipv4-oam-address":"135.190.182.168","in-maint":false,"is-closed-loop-disabled":false,"resource-version":"1470978152"},"extra-properties":{},"inventory-response-items":{}}]}},{"model-name":"vLAN on a Physical Wire","logical-link":{"link-name":"alrga391ve2-xe-10/2/3.117|ar4ga01pbg","link-type":"l2bridge","resource-version":"1465571379","persona-model-id":"32bee148-2cae-4f3d-a42e-22c9e4f078a2","persona-model-version":"1"},"extra-properties":{},"inventory-response-items":{"inventory-response-item":[{"model-name":"pBgf","pserver":{"hostname":"ar4ga01pbg","in-maint":false,"resource-version":"1470978153"},"extra-properties":{},"inventory-response-items":{}}]}},{"model-name":"VL ELAN","logical-link":{"link-name":"alrga391ve2-ae6.1927|asbg0004v","link-type":"l2bridge","resource-version":"1465571380","persona-model-id":"932518e5-4260-4cc4-8038-df604a367f85","persona-model-version":"1"},"extra-properties":{},"inventory-response-items":{"inventory-response-item":[{"model-name":"vDbe","generic-vnf":{"vnf-id":"VAPP-5305","vnf-name":"asbg0004v","vnf-type":"ASBGv No TLS","service-id":"c7611ebe-c324-48f1-8085-94aef0c6ef3d","prov-status":"PROV","ipv4-oam-address":"135.190.182.168","in-maint":false,"is-closed-loop-disabled":false,"resource-version":"1470978152"},"extra-properties":{},"inventory-response-items":{}}]}},{"model-name":"vLAN on a Physical Wire","logical-link":{"link-name":"alrga392ve2-xe-10/2/3.117|ar4ga01pbg","link-type":"l2bridge","resource-version":"1465571380","persona-model-id":"32bee148-2cae-4f3d-a42e-22c9e4f078a2","persona-model-version":"1"},"extra-properties":{},"inventory-response-items":{"inventory-response-item":[{"model-name":"pBgf","pserver":{"hostname":"ar4ga01pbg","in-maint":false,"resource-version":"1470978153"},"extra-properties":{},"inventory-response-items":{}}]}}]}}]}},"violations":[{"violationId":"0cf4e03f051748acd162f68e43eaacf09968243c6bb209bc95da7fb234c1af7c","modelName":"NetBond WAN Connector v0.1","category":"UNEXPECTED_REL","severity":"CRITICAL","violationType":"Model","violationDetails":{"UNEXPECTED REL":"VL ELAN","modelName":null,"entityType":"virtual-data-center","entityId":{"vdc-id":"15001220"}},"errorMessage":"Entity [vdc-id=15001220] of type [virtual-data-center] must not be related to [VL ELAN]"},{"violationId":"653480197744c01c52922df503a3f4cce1d16b34a4247e1a81bb0eff0ab03cd6","modelName":"NetBond WAN Connector v0.1","category":"UNEXPECTED_REL","severity":"CRITICAL","violationType":"Model","violationDetails":{"UNEXPECTED REL":"vLAN on a Physical Wire","modelName":null,"entityType":"virtual-data-center","entityId":{"vdc-id":"15001220"}},"errorMessage":"Entity [vdc-id=15001220] of type [virtual-data-center] must not be related to [vLAN on a Physical Wire]"},{"violationId":"95872761d88727334c8d1e90a08b52166314983580af659ff40fc1e169f1bbe5","modelName":"NetBond WAN Connector v0.1","category":"UNEXPECTED_REL","severity":"CRITICAL","violationType":"Model","violationDetails":{"UNEXPECTED REL":"VL ELAN","modelName":null,"entityType":"virtual-data-center","entityId":{"vdc-id":"15001219"}},"errorMessage":"Entity [vdc-id=15001219] of type [virtual-data-center] must not be related to [VL ELAN]"},{"violationId":"5a5fcce8c6e13ecf25f28d1ef84323705b85188e506b744383af087bdda131e1","modelName":"NetBond WAN Connector v0.1","category":"UNEXPECTED_REL","severity":"CRITICAL","violationType":"Model","violationDetails":{"UNEXPECTED REL":"vLAN on a Physical Wire","modelName":null,"entityType":"virtual-data-center","entityId":{"vdc-id":"15001219"}},"errorMessage":"Entity [vdc-id=15001219] of type [virtual-data-center] must not be related to [vLAN on a Physical Wire]"},{"violationId":"e14b5cc1094af86d3c4ebfa8bb86e41aa2f14a6b8d2b15d1126cd15f097e9bed","modelName":"NetBond WAN Connector v0.1","category":"MISSING_ATTR","severity":"CRITICAL","violationType":"Model","violationDetails":{"MISSING ATTR":"product"},"errorMessage":"Attribute [product] is missing in the object instance"},{"violationId":"3c337b5328422b9820a6f4e4ff13ddead3af2fe9f901ec955e9b47b5625d12c6","modelName":"NetBond WAN Connector v0.1","category":"MISSING_ATTR","severity":"CRITICAL","violationType":"Model","violationDetails":{"MISSING ATTR":"vpn-id"},"errorMessage":"Attribute [vpn-id] is missing in the object instance"}]}