{"validationId":"VALIDATIONID","validationTimestamp":"TIMESTAMP","entityId":{"att-uuid":"750c29ff-12cb-4be5-88bc-648f27748113"},"entityType":"vnf-image","entityLink":"service-design-and-creation/vnf-images/vnf-image/750c29ff-12cb-4be5-88bc-648f27748113","resourceVersion":"1476735375","violations":[]}
