{"validationId":"VALIDATIONID","validationTimestamp":"TIMESTAMP","entityId":{"vserver-id":"example-vserver-id-val-34666"},"entityType":"vserver","entityLink":"cloud-infrastructure/cloud-regions/cloud-region/att-aic/AAIAIC25/tenants/tenant/example-tenant-id-val-88551/vservers/vserver/example-vserver-id-val-34666","resourceVersion":"1464193654","violations":[{"violationId":"9f2d9ee595e1390ec0ffe60cea0b620a23ee9a84b6b6fb241ed84bf784b92393","modelName":null,"category":"MISSING_REL","severity":"MINOR","violationType":"Rule","validationRule":"vserver is related to 1 pserver","violationDetails":{"relationship-list.relationship[*].related-to":[]},"errorMessage":"Missing relationship - vserver must be related to 1 pserver"},{"violationId":"cbc9b9fe5b40de9814e128173b6d25a77e37b8e4c36ce47c5582807505a2e7dc","modelName":null,"category":"MISSING_REL","severity":"MINOR","violationType":"Rule","validationRule":"vserver is related to a vnf (vce or newvce or vpe or generic-vnf)","violationDetails":{"relationship-list.relationship[*].related-to":[]},"errorMessage":"Missing relationship - a vserver must be related to a vnf (vce or newvce or vpe or generic-vnf)"}]}
