{"validationId":"VALIDATIONID","validationTimestamp":"TIMESTAMP","entityId":{"vserver-id":"c385bb3e-6ebd-4898-bc92-792e0ac2db50"},"entityType":"vserver","entityLink":"cloud-infrastructure/cloud-regions/cloud-region/att-aic/AAIAIC25/tenants/tenant/example-tenant-id-val-88551/vservers/vserver/example-vserver-id-val-34666","resourceVersion":"1475160142","violations":[]}
