{"validationId":"VALIDATIONID","validationTimestamp":"TIMESTAMP","entityId":{"physical-location-id":"MTWNJZZZLCP"},"entityType":"complex","entityLink":"network/newvces/newvce/7150963a-9054-4046-a285-a572edf2deb6","resourceVersion":"1463283799","violations":[]}
