{"validationId":"VALIDATIONID","validationTimestamp":"TIMESTAMP","entityId":{"physical-location-id":"dhv-test-complex"},"entityType":"complex","entityLink":"cloud-infrastructure/complexes/complex/dhv-test-complex/","resourceVersion":"1473996687","violations":[{"violationId":"e030ca439e34511e28b7cef026bbc23735297043b93047507ea2b65343c84f33","modelName":null,"category":"FIELD_LENGTH","severity":"CRITICAL","violationType":"Rule","validationRule":"CLLI","violationDetails":{"physical-location-id":"dhv-test-complex"},"errorMessage":"Invalid length - field must be 8 or 11 characters long"},{"violationId":"b4ef82f099793189db42a372a950776e2214da7aa1824d874044473fef8fddfd","modelName":null,"category":"MISSING_REL","severity":"CRITICAL","violationType":"Rule","validationRule":"complex is related to availability zone","violationDetails":{"relationship-list.relationship[*].related-to":["pserver"]},"errorMessage":"Missing relationship - a complex must be related to an availability zone"},{"violationId":"2ee7e28ba76634d936775d646af5a4035206ed44ccee4de90085a6fc08f2483a","modelName":null,"category":"MISSING_REL","severity":"MAJOR","violationType":"Rule","validationRule":"complex is related to 1 oam-network","violationDetails":{"relationship-list.relationship[*].related-to":["pserver"]},"errorMessage":"Missing relationship - complex must be related to 1 oam-network"}]}
