{"validationId":"VALIDATIONID","validationTimestamp":"TIMESTAMP","entityId":{"physical-location-id":"MTWNJZZZLCP"},"entityType":"complex","entityLink":"network/newvces/newvce/7150963a-9054-4046-a285-a572edf2deb6","resourceVersion":"1463283799","violations":[{"violationId":"ad1027efffbd7bd811f7cb13d806d0a1c279fe8a660318994bb103ecd8644837","modelName":null,"category":"INVALID_NAME","severity":"MINOR","violationType":"Rule","validationRule":"if a customer is related to an oam-network then oam-network.network-name must match naming convention","violationDetails":{"relationship-list.relationship[*]":[{"related-to":"pserver","related-link":"https://135.16.121.249:8443/aai/v8/cloud-infrastructure/pservers/pserver/mtznj101snd/","relationship-data":[{"relationship-key":"pserver.hostname","relationship-value":"mtznj101snd"}],"related-to-property":[{"property-key":"pserver.pserver-name2"}]},{"related-to":"pserver","related-link":"https://135.16.121.249:8443/aai/v8/cloud-infrastructure/pservers/pserver/mtznjtax101/","relationship-data":[{"relationship-key":"pserver.hostname","relationship-value":"mtznjtax101"}],"related-to-property":[{"property-key":"pserver.pserver-name2"}]},{"related-to":"vce","related-link":"https://135.16.121.249:8443/aai/v8/network/vces/vce/19a2ac02-bed0-4d84-a751-6dffffffffff/","relationship-data":[{"relationship-key":"vce.vnf-id","relationship-value":"19a2ac02-bed0-4d84-a751-6dffffffffff"}],"related-to-property":[{"property-key":"vce.vnf-name","property-value":"mtznj431vbc"}]},{"related-to":"pserver","related-link":"https://135.16.121.249:8443/aai/v8/cloud-infrastructure/pservers/pserver/mtznj125snd/","relationship-data":[{"relationship-key":"pserver.hostname","relationship-value":"mtznj125snd"}],"related-to-property":[{"property-key":"pserver.pserver-name2"}]},{"related-to":"oam-network","related-link":"https://135.16.121.249:8443/aai/v8/cloud-infrastructure/cloud-regions/cloud-region/att-aic/AAIAIC25/oam-networks/oam-network/ca084d91-ffff-ffff-a1bf-a8a7f1969f80/","relationship-data":[{"relationship-key":"cloud-region.cloud-owner","relationship-value":"att-aic"},{"relationship-key":"cloud-region.cloud-region-id","relationship-value":"AAIAIC25"},{"relationship-key":"oam-network.network-uuid","relationship-value":"ca084d91-ffff-ffff-a1bf-a8a7f1969f80"}],"related-to-property":[{"property-key":"oam-network.network-name","property-value":"MARK-OAM-1323"}]},{"related-to":"availability-zone","related-link":"https://135.16.121.249:8443/aai/v8/cloud-infrastructure/cloud-regions/cloud-region/att-aic/AAIAIC25/availability-zones/availability-zone/mtznj-esx-az01/","relationship-data":[{"relationship-key":"cloud-region.cloud-owner","relationship-value":"att-aic"},{"relationship-key":"cloud-region.cloud-region-id","relationship-value":"AAIAIC25"},{"relationship-key":"availability-zone.availability-zone-name","relationship-value":"mtznj-esx-az01"}]}]},"errorMessage":"Invalid name - if a customer is related to an oam-network then network-name must start with VLAN"}]}
