{"validationId":"VALIDATIONID","validationTimestamp":"TIMESTAMP","entityId":{"vnf-id":"ibcx0003v"},"entityType":"generic-vnf","entityLink":"network/generic-vnfs/generic-vnf/ibcx0003v/","resourceVersion":"1476738439","violations":[{"violationId":"ff6ccec70d8c000fb29286b5ee680d0f9ac01efde0151c5a4abe569bb8babaab","modelName":null,"category":"INVALID_VALUE","severity":"MINOR","violationType":"Rule","validationRule":"valid_ipv4_addr","violationDetails":{"ipv4-oam-address":null},"errorMessage":"Invalid value - attribute is not a valid IPv4 address"}]}
