{"validationId":"VALIDATIONID","validationTimestamp":"TIMESTAMP","entityId":{"vnf-id":"ibcx0003v"},"entityType":"generic-vnf","entityLink":"network/generic-vnfs/generic-vnf/ibcx0003v/","resourceVersion":"1476738499","violations":[{"violationId":"fb2ad02e225adb4eb964b679308e5af7698f6584998368a01ab15b91f0c2310f","modelName":null,"category":"INVALID_VALUE","severity":"MINOR","violationType":"Rule","validationRule":"valid_ipv4_addr","violationDetails":{"ipv4-oam-address":"www.somecompany.com"},"errorMessage":"Invalid value - attribute is not a valid IPv4 address"}]}
