{"validationId":"VALIDATIONID","validationTimestamp":"TIMESTAMP","entityId":{"vnf-id":"ibcx0003v"},"entityType":"generic-vnf","entityLink":"network/generic-vnfs/generic-vnf/ibcx0003v/","resourceVersion":"1476738999","violations":[]}
