{
    "validationId":"5d37dd63-8289-4e0c-8da0-9007c1de4e39",
    "validationTimestamp":"20180220T173524Z",
    "entityId":{
        "hostname":"myhost"
    },
    "entityType":"pserver",
    "entityLink":"",
    "resourceVersion":"1477013499",
    "violations":[
        {
            "violationId":"f0c12d0f91779de43034ca5be323d0e0b076d228f49a998a910127af0da0009b",
            "modelName":null,
            "category":"INVALID_VALUE",
            "severity":"MINOR",
            "violationType":"Rule",
            "validationRule":"valid_ipv4_addr",
            "violationDetails":{
                "vertex.properties.ipv4-oam-address":"1.2.3."
            },
            "errorMessage":"Invalid value - attribute is not a valid IPv4 address"
        }
    ]
}