{
  "validationId": "VALIDATIONID",
  "validationTimestamp": "TIMESTAMP",
  "entityId": {
    "vserver-id": "c385bb3e-6ebd-4898-bc92-792e0ac2db50"
  },
  "entityType": "vserver",
  "entityLink": "cloud-infrastructure/cloud-regions/cloud-region/region1/AAIregion1/tenants/tenant/example-tenant-id-val-88551/vservers/vserver/example-vserver-id-val-34666",
  "resourceVersion": "1475160142",
  "violations": [
    {
      "violationId": "3855354af5e3da4383dd39beac0c814e5125e0afa3bf0332f9289aa6178db5d6",
      "category": "INVALID_VALUE",
      "severity": "CRITICAL",
      "violationType": "Rule",
      "validationRule": "prov-status",
      "violationDetails": {
        "prov-status": "ACTIVE"
      },
      "errorMessage": "Invalid prov-status value. Must be PREPROV, NVTPROV, PROV, CAPPED, DECOM, or RETIRED"
    },
    {
      "violationId": "2adb3dbf7ab2acb68033608ab5641962a953f720a76a7fe8c143792851ca0901",
      "category": "INVALID_NAME",
      "severity": "MINOR",
      "violationType": "Rule",
      "validationRule": "vserver related to TRINITY image and generic-vnf.vnf-name matches naming convention",
      "violationDetails": {
        "relationship-list.relationship[*]": [
          {
            "related-to": "generic-vnf",
            "related-link": "https://dummy-host.onap.org:8443/aai/v8/network/generic-vnfs/generic-vnf/ctpx12345v/",
            "relationship-data": [
              {
                "relationship-key": "generic-vnf.vnf-id",
                "relationship-value": "ctpx12345v"
              }
            ],
            "related-to-property": [
              {
                "property-key": "generic-vnf.vnf-name",
                "property-value": "ctpx12345v"
              }
            ]
          },
          {
            "related-to": "vf-module",
            "related-link": "https://dummy-host.onap.org:8443/aai/v8/network/generic-vnfs/generic-vnf/ctpx12345v/vf-modules/vf-module/ctpx12345v/",
            "relationship-data": [
              {
                "relationship-key": "generic-vnf.vnf-id",
                "relationship-value": "ctpx12345v"
              },
              {
                "relationship-key": "vf-module.vf-module-id",
                "relationship-value": "ctpx12345v"
              }
            ]
          },
          {
            "related-to": "image",
            "related-link": "https://dummy-host.onap.org:8443/aai/v8/cloud-infrastructure/cloud-regions/cloud-region/region1/AAIregion1/images/image/TRINITY-IMAGE/",
            "relationship-data": [
              {
                "relationship-key": "cloud-region.cloud-owner",
                "relationship-value": "region1"
              },
              {
                "relationship-key": "cloud-region.cloud-region-id",
                "relationship-value": "AAIregion1"
              },
              {
                "relationship-key": "image.image-id",
                "relationship-value": "TRINITY-IMAGE"
              }
            ],
            "related-to-property": [
              {
                "property-key": "image.image-name",
                "property-value": "TRINITY IMAGE"
              }
            ]
          },
          {
            "related-to": "pserver",
            "related-link": "https://dummy-host.onap.org:8443/aai/v8/cloud-infrastructure/pservers/pserver/TRINITY-PSERVER/",
            "relationship-data": [
              {
                "relationship-key": "pserver.hostname",
                "relationship-value": "TRINITY-PSERVER"
              }
            ],
            "related-to-property": [
              {
                "property-key": "pserver.pserver-name2"
              }
            ]
          },
          {
            "related-to": "flavor",
            "related-link": "https://dummy-host.onap.org:8443/aai/v8/cloud-infrastructure/cloud-regions/cloud-region/region1/AAIregion1/flavors/flavor/TRINITY-Flavor/",
            "relationship-data": [
              {
                "relationship-key": "cloud-region.cloud-owner",
                "relationship-value": "region1"
              },
              {
                "relationship-key": "cloud-region.cloud-region-id",
                "relationship-value": "AAIregion1"
              },
              {
                "relationship-key": "flavor.flavor-id",
                "relationship-value": "TRINITY-Flavor"
              }
            ],
            "related-to-property": [
              {
                "property-key": "flavor.flavor-name",
                "property-value": "TRINITY Flavor"
              }
            ]
          }
        ]
      },
      "errorMessage": "Invalid name - if vserver is related to an image named TRINITY, then the related generic-vnf name must match xxxxnnnnv (where x = character and n = number)"
    }
  ]
}