{
  "validationId": "VALIDATIONID",
  "validationTimestamp": "TIMESTAMP",
  "entityId": {
    "vserver-id": "c385bb3e-6ebd-4898-bc92-792e0ac2db50"
  },
  "entityType": "vserver",
  "entityLink": "cloud-infrastructure/cloud-regions/cloud-region/att-aic/AAIAIC25/tenants/tenant/example-tenant-id-val-88551/vservers/vserver/example-vserver-id-val-34666",
  "resourceVersion": "1475160142",
  "violations": [
    {
      "violationId": "902c29a0f080d252ea4c370f75eee42426426710258e8e47b39aab15c8d6508f",
      "category": "INVALID_VALUE",
      "severity": "CRITICAL",
      "violationType": "Rule",
      "validationRule": "prov-status",
      "violationDetails": {
        "prov-status": "ACTIVE"
      },
      "errorMessage": "Invalid prov-status value. Must be PREPROV, NVTPROV, PROV, CAPPED, DECOM, or RETIRED"
    }
  ]
}