{"validationId":"VALIDATIONID","validationTimestamp":"TIMESTAMP","entityId":{"vnf-id2":"7150963a-9054-4046-a285-a572edf2deb6"},"entityType":"newvce","entityLink":"network/newvces/newvce/7150963a-9054-4046-a285-a572edf2deb6","resourceVersion":"1476737775","violations":[{"violationId":"8df2499ea280a7f8de25047c433f5aaff2d13b34eef249caea92dce2a1b4d9a5","modelName":null,"category":"INVALID_VALUE","severity":"MINOR","violationType":"Rule","validationRule":"heat-stack-id equals first 11 bytes of vnf-name","violationDetails":{"heat-stack-id":null,"vnf-name":"mtjnj484vbc"},"errorMessage":"Invalid value - the value of heat-stack-id must equal the first 11 bytes of vnf-name"}]}
