{
	"validationId": "5e42e954-f342-4a69-b011-c01ad2c759aa",
	"validationTimestamp": "20180416T103958Z",
	"entityId": {
		"hostname": "gdrmi101sd9"
	},
	"entityType": "pserver",
	"entityLink": "https://inventory/v8/cloud-infrastructure/pservers/pserver/example-vserver-id-val-34666",
	"resourceVersion": "1478050351",
	"entity": {
		"hostname": "gdrmi101sd9",
		"ptnii-equip-name": "gdrmi101sd9",
		"equip-type": "server",
		"equip-vendor": "HP",
		"equip-model": "DL380p9-nd",
		"fqdn": "gdrmirsv101.gdrmi.sbcglobal.net",
		"ipv4-oam-address": "12.80.20.75",
		"in-maint": false,
		"resource-version": "1478050351",
		"purpose": "LCP",
		"inv-status": "Incorrect status value",
		"relationship-list": {
			"relationship": [
				{
					"related-to": "complex",
					"related-link": "https://inventory/v8/cloud-infrastructure/complexes/complex/GDRPMIBL/",
					"relationship-data": [
						{
							"relationship-key": "complex.physical-location-id",
							"relationship-value": "GDRPMIBL"
						}
					]
				}
			]
		},
		"p-interfaces": {
			"p-interface": [
				{
					"interface-name": "p4p1-4/1",
					"speed-value": "10000000",
					"speed-units": "kbps",
					"resource-version": "1478051189",
					"relationship-list": {
						"relationship": [
							{
								"related-to": "physical-link",
								"related-link": "https://inventory/v8/network/physical-links/physical-link/gdrmi101sd9%3Ap4p1-4%2F1%7Cgdrmitax101%3Axe-0%2F0%2F1/",
								"relationship-data": [
									{
										"relationship-key": "physical-link.link-name",
										"relationship-value": "gdrmi101sd9:p4p1-4/1|gdrmitax101:xe-0/0/1"
									}
								]
							}
						]
					}
				},
				{
					"interface-name": "p4p2-4/2",
					"speed-value": "10000000",
					"speed-units": "kbps",
					"resource-version": "1478051190",
					"relationship-list": {
						"relationship": [
							{
								"related-to": "physical-link",
								"related-link": "https://inventory/v8/network/physical-links/physical-link/gdrmi101sd9%3Ap4p2-4%2F2%7Cgdrmitax101%3Axe-0%2F0%2F51/",
								"relationship-data": [
									{
										"relationship-key": "physical-link.link-name",
										"relationship-value": "gdrmi101sd9:p4p2-4/2|gdrmitax101:xe-0/0/51"
									}
								]
							}
						]
					}
				},
				{
					"interface-name": "p6p1-6/1",
					"speed-value": "10000000",
					"speed-units": "kbps",
					"resource-version": "1478051200",
					"relationship-list": {
						"relationship": [
							{
								"related-to": "physical-link",
								"related-link": "https://inventory/v8/network/physical-links/physical-link/gdrmi101sd9%3Ap6p1-6%2F1%7Cgdrmitax102%3Axe-1%2F0%2F51/",
								"relationship-data": [
									{
										"relationship-key": "physical-link.link-name",
										"relationship-value": "gdrmi101sd9:p6p1-6/1|gdrmitax102:xe-1/0/51"
									}
								]
							}
						]
					}
				},
				{
					"interface-name": "p6p2-6/2",
					"speed-value": "10000000",
					"speed-units": "kbps",
					"resource-version": "1478051199",
					"relationship-list": {
						"relationship": [
							{
								"related-to": "physical-link",
								"related-link": "https://inventory/v8/network/physical-links/physical-link/gdrmi101sd9%3Ap6p2-6%2F2%7Cgdrmitax102%3Axe-1%2F0%2F1/",
								"relationship-data": [
									{
										"relationship-key": "physical-link.link-name",
										"relationship-value": "gdrmi101sd9:p6p2-6/2|gdrmitax102:xe-1/0/1"
									}
								]
							}
						]
					}
				}
			]
		}
	},
	"violations": [
		{
			"violationId": "e5c746b4b5eafa608644e3d191136eea0e31906e36ffd9f9fcd8e3ea466b27ad",
			"modelName": null,
			"category": "INVALID_VALUE",
			"severity": "CRITICAL",
			"violationType": "Rule",
			"validationRule": "pserver inv-status attribute allowed values",
			"violationDetails": {
				"inv-status": "Incorrect status value"
			},
			"errorMessage": "Invalid inv-status value. Must be Deployed, In Service, Not Specified, Pending Delete, Planned, Planned Modify"
		}
	]
}