{"validationId":"24c57a3f-4796-496f-825f-d609e2191ad1","validationTimestamp":"20170104T174428Z","entityId":{"hostname":"gdrmi101sd9"},"entityType":"pserver","entityLink":"https://inventory/v8/cloud-infrastructure/pservers/pserver/example-vserver-id-val-34666","resourceVersion":"1478050351","violations":[]}
