{"validationId":"f9182835-eb6b-421b-a1db-0944f89d9319","validationTimestamp":"20170104T174235Z","entityId":{"hostname":"gdrmi101sd9"},"entityType":"pserver","entityLink":"https://inventory/v8/cloud-infrastructure/pservers/pserver/example-vserver-id-val-34666","resourceVersion":"1478050351","violations":[{"violationId":"3fab89215ebdc75e029c4c50c20d9cf050d92c234cd94bc630fc14fff7c8934d","modelName":null,"category":"INVALID_VALUE","severity":"MINOR","violationType":"Rule","validationRule":"equip-type","violationDetails":{"equip-type":"toa"},"errorMessage":"Invalid value - attribute must not have a value of toa or hitachi"}]}
