{"validationId":"c9757c6c-1168-4da7-8bd9-580e530cb964","validationTimestamp":"20170104T181242Z","entityId":{"hostname":"gdrmi101sd9"},"entityType":"pserver","entityLink":"https://inventory/v8/cloud-infrastructure/pservers/pserver/example-vserver-id-val-34666","resourceVersion":"1478050351","violations":[{"violationId":"4e2fcd58dfcf9d8305c7a5368926a57325971eac2972ca563c3c5fd142847ab4","modelName":null,"category":"INVALID_VALUE","severity":"MINOR","violationType":"Rule","validationRule":"pserver.name","violationDetails":{"ptnii-equip-name":"gdrmi101sd9.infra.aic.att.net"},"errorMessage":"Invalid value - field must not contain .infra.aic.att.net"}]}
